12-17 19:31:36.263  1795  1825 I PowerManager_screenOn: DisplayPowerStatesetColorFadeLevel: level=1.0
12-17 19:31:36.263  5224  5283 I SendBroadcastPermission: action:android.com.huawei.bone.NOTIFY_SPORT_DATA, mPermissionType:0
12-17 19:31:36.264  1795  1825 D DisplayPowerController: Animating brightness: target=21, rate=40
12-17 19:31:36.264  1795  1825 I PowerManager_screenOn: DisplayPowerController updatePowerState mPendingRequestLocked=policy=BRIGHT, useProximitySensor=true, useProximitySensorbyPhone=true, screenBrightness=33, screenAutoBrightnessAdjustment=0.0, brightnessSetByUser=true, useAutoBrightness=true, blockScreenOn=false, lowPowerMode=false, boostScreenBrightness=false, dozeScreenBrightness=-1, dozeScreenState=UNKNOWN, useTwilight=false, useSmartBacklight=true, brightnessWaitMode=false, brightnessWaitRet=true, screenAutoBrightness=-1, userId=0
12-17 19:31:36.264  1795  2750 I PowerManager_screenOn: DisplayPowerState Updating screen state: state=ON, backlight=823
12-17 19:31:36.264  1795  2750 I HwLightsService: back light level before map = 823
12-17 19:31:36.264  1795  1825 D DisplayPowerController: Animating brightness: target=21, rate=40
12-17 19:31:36.264  1795  1825 V KeyguardServiceDelegate: onScreenTurnedOn()
12-17 19:31:36.264  1795  1825 I WindowManger_keyguard: onScreenTurnedOn()
12-17 19:31:36.264  1795  1825 D DisplayPowerController: Display ready!
12-17 19:31:36.264  1795  1825 D DisplayPowerController: Finished business...
12-17 19:31:36.264  2852  3328 D KeyguardService: Caller checkPermission fail
12-17 19:31:36.264  2852  3328 D KeyguardService: KGSvcCall onScreenTurnedOn.
12-17 19:31:36.264  2852  3328 D KeyguardViewMediator: notifyScreenTurnedOn
12-17 19:31:36.265  2852  2852 D KeyguardViewMediator: handleNotifyScreenTurnedOn
12-17 19:31:36.265  2852  2852 I PhoneStatusBar: onScreenTurnedOn
12-17 19:31:36.265  2852  2852 D KGWallpaper_Magazine: getNextIndex: 0; from 5 to 5; size: 44
12-17 19:31:36.265  2852  2852 I HwLockScreenReporter: report msg is :{picture: Deepwater-05-2.3.001-bigpicture_05_8.jpg}
12-17 19:31:36.265  2852  2852 W HwLockScreenReporter: report result = falsereport type:162 msg:{picture: Deepwater-05-2.3.001-bigpicture_05_8.jpg, channelId: 05}
12-17 19:31:36.265  2852  2852 I OucScreenOnCounter: Screen already turned on at: 1481974212
12-17 19:31:36.267  5224  5283 I SendBroadcastPermission: action:android.com.huawei.bone.NOTIFY_SPORT_DATA, mPermissionType:0
12-17 19:31:36.270  1795 16500 I HwActivityManagerService: Split enqueueing broadcast [callerApp]:ProcessRecord{580cfb2 5224:com.huawei.health:DaemonService/u0a99}
12-17 19:31:36.271  2852  2852 I EventCenter: EventCenter Get :android.com.huawei.bone.NOTIFY_SPORT_DATA
12-17 19:31:36.275  7741  7741 D Mms_TX_NOTIFY: Get no-perm notification callback android.intent.action.SCREEN_ON
12-17 19:31:36.275  7741  7741 D Mms_TX_NOTIFY: ScreenState present
12-17 19:31:36.275  5224  5283 I Step_HSNH: 20002302|upDateHealthNotification()|89|2.98|4180
12-17 19:31:36.276  2883  2996 I HwSystemManager: ITrafficInfo:ITrafficInfo create 301updateBytes = 1769320345
12-17 19:31:36.278  5224  5283 I Step_HSNH: 20002302|rebuild notification
12-17 19:31:36.279  2852  2925 I EventCenter: ContentChange for slot: 1
12-17 19:31:36.279  2852  2852 I HwBrightnessController: onChange selfChange:false uri.toString():content://settings/system/screen_auto_brightness mIsObserveAutoBrightnessChange:true
12-17 19:31:36.279  1795  1825 D FpDataCollector: case xxx, not a fingerprint unlock 
12-17 19:31:36.280  1795  1825 D PowerManagerService: ready=true,policy=3,wakefulness=1,wksummary=0x11,uasummary=0x1,bootcompleted=true,boostinprogress=false,waitmodeenable=false,mode=true,manual=33,auto=-1,adj=0.0userId=0
12-17 19:31:36.280  1795  1825 I PowerManager_screenOn: PowerManagerNotifier onWakefulnessChangeFinished mInteractiveChanging=true, mInteractive=true
12-17 19:31:36.280  2852  2852 I HwBrightnessUtils: APS brightness=20.0,ConvertToPercentage=0.21667233
12-17 19:31:36.280  2852  2852 I HwBrightnessUtils:  getSeekBarProgress isAutoMode:true current brightness:20 percentage:0.21667233
12-17 19:31:36.280  2852  2852 I HwBrightnessController: updateSlider1 seekBarProgress:2167
12-17 19:31:36.280  2852  2852 I HwBrightnessController: updateSlider2 seekBarProgress:2167
12-17 19:31:36.280  2852  2852 I ToggleSlider:  mSeekListener onProgressChanged progress:2167 fromUser:false
12-17 19:31:36.281  2852  2852 I ToggleSlider:  mSeekListener onProgressChanged progress:2167 fromUser:false
12-17 19:31:36.282  3626  3753 I LogCollectService: msg = 103 received
12-17 19:31:36.283  1795 11747 I NotificationManager: enqueueNotificationInternal: pkg=com.huawei.health id=10010 notification=Notification(pri=0 contentView=null vibrate=null sound=null defaults=0x0 flags=0x2 color=0x00000000 vis=PRIVATE)
12-17 19:31:36.284  1795  1795 I NotificationManager: enqueueNotificationInternal: n.getKey = 0|com.huawei.health|10010|null|10099
12-17 19:31:36.285  1795  2750 D HW_DISPLAY_EFFECT: presently, hw_update_color_temp_for_rg_led interface not achieved.
12-17 19:31:36.285  3466  3466 I Contacts: DialpadFragment mBroadcastReceiver action:android.intent.action.SCREEN_ON
12-17 19:31:36.289  3608  3608 D InCall  : InCallActivity - mScreenOnReceiver mCallEndOptionsDialog = null
12-17 19:31:36.295  1795  1795 V NotificationService: disableEffects=null canInterrupt=false once update: false
12-17 19:31:36.297  2852  2852 I StatusBar: onNotificationPosted: StatusBarNotification(pkg=com.huawei.health user=UserHandle{0} id=10010 tag=null key=0|com.huawei.health|10010|null|10099: Notification(pri=0 contentView=null vibrate=null sound=null defaults=0x0 flags=0x62 color=0x00000000 vis=PRIVATE)) important=2, post=1481974296283, when=1481531589202, vis=0, userid=0
12-17 19:31:36.297  2852  2852 D StatusBar: updateNotification(StatusBarNotification(pkg=com.huawei.health user=UserHandle{0} id=10010 tag=null key=0|com.huawei.health|10010|null|10099: Notification(pri=0 contentView=null vibrate=null sound=null defaults=0x0 flags=0x62 color=0x00000000 vis=PRIVATE)))
12-17 19:31:36.298  2852  2852 D HwCust  : Create obj success use class android.app.HwCustNotificationImpl
12-17 19:31:36.299  2852  2852 I StatusBarIconView: updateTint: tint=0
12-17 19:31:36.300  2852  2852 D StatusBar: No peeking: unimportant notification: 0|com.huawei.health|10010|null|10099
12-17 19:31:36.301  2852  2852 D StatusBar: applyInPlace=true shouldPeek=false alertAgain=true
12-17 19:31:36.301  2852  2852 I NotificationGroupManager: onEntryUpdated:0|com.huawei.health|10010|null|10099
12-17 19:31:36.301  2852  2852 I NotificationGroupManager: onEntryAdded:0|com.huawei.health|10010|null|10099, group=0|com.huawei.health|10010|null|10099
12-17 19:31:36.301  2852  2852 D StatusBar: reusing notification for key: 0|com.huawei.health|10010|null|10099
12-17 19:31:36.301  2852  2852 D HwCust  : Create obj success use class android.app.HwCustNotificationImpl
12-17 19:31:36.301  2852  2852 D HwCust  : Create obj success use class android.app.HwCustNotificationImpl
12-17 19:31:36.302  2852  2852 I StatusBarIconView: updateTint: tint=0
12-17 19:31:36.304 16628 16628 I TotemWeather: RetryTaskController:mTaskList is null
12-17 19:31:36.311  2852  2852 I HwPhoneStatusBar: updateNotificationShade
12-17 19:31:36.311  2852  2852 I PhoneStatusBar: updateNotificationShade
12-17 19:31:36.311  2852  2852 I PhoneStatusBar: removeNotificationChildren
12-17 19:31:36.311  2852  2852 I HwNotificationIconAreaController: showNotificationAll
12-17 19:31:36.313 31949 31967 I PushService: main{1} PushService.onStartCommand(PushService.java:87) Push Service Start by  userEvent
12-17 19:31:36.313  1795  3247 D StubTelephonyRegistry: uid:10028 pid:16628 PhoneStateListener.LISTEN_CELL_LOCATION:16 events:16
12-17 19:31:36.313  1795  3247 D StubTelephonyRegistry: LISTEN_CELL_LOCATION uid:10028
12-17 19:31:36.314 31949 31967 I eSpaceService: WatchThread{4786} TcpCirChannel.shutdown(TcpCirChannel.java:257) Login_By_Step-> shut down now connect
12-17 19:31:36.315 31949 31967 I ECS     : WatchThread{4786} TcpClient.clearAll(TcpClient.java:240) ==================== TCP CLIENT CLEAR ALL ====================
12-17 19:31:36.316 31949 31967 I ECS     : WatchThread{4786} TcpClient.disconnect_i(TcpClient.java:202) ==================== TCP CLIENT DISCONNECT ====================
12-17 19:31:36.319   802   802 E Thermal-daemon: [Thermal_Hw] temperature_valid, battery : temperature is invalid, invalid temperatrue is 27
12-17 19:31:36.319   802   802 E Thermal-daemon: [Thermal_Hw] temperature_filter: get invalid temperature, use old temp
12-17 19:31:36.319  2852  2852 I NotificationContentView: transferRemoteInputFocus: 0
12-17 19:31:36.319  2852  2852 I NotificationContentView: transferRemoteInputFocus: 0
12-17 19:31:36.320  2852  2852 I StackScrollAlgorithm: updateClipping isOverlap:false
12-17 19:31:36.320  2852  2852 I StackScrollAlgorithm: updateDimmedActivatedHideSensitive overlap:false
12-17 19:31:36.322  1795  2332 I qti_sensors_hal: [ACC]processReportInd: X: 5.989713 Y: 7.132575 Z: 4.153480  x_offset:0.160831 y_offset:0.184366 z_offset:0.985027
12-17 19:31:36.326  1795  3225 I AlarmManager: remove(PendingIntent{200e965: PendingIntentRecord{7f86237 com.huawei.espacev2 broadcastIntent}}) changed bounds; rebatching
12-17 19:31:36.329  1795  3253 I AlarmManager: set(PendingIntent{a9e563a: PendingIntentRecord{7f86237 com.huawei.espacev2 broadcastIntent}}) : type=0 triggerAtTime=1481974596328 win=0 tElapsed=443132691 maxElapsed=443132691 interval=300000 flags=0x1
12-17 19:31:36.329   816 20155 D DnsProxyListener: GetAddrInfoHandler addr: uc.huawei.com {304, 917808, 10102} 172.30.70.63
12-17 19:31:36.330 31949 31967 I TCP     : WatchThread{4786} TcpClientThread.disconnectSocket(TcpClientThread.java:369) disconnecting to uc.huawei.com:7801
12-17 19:31:36.331 31949 31967 I TCP     : WatchThread{4786} TcpSocket.close(TcpSocket.java:158) shutdown output: java.net.SocketException: Socket is closed
12-17 19:31:36.332 31949 31967 I TCP     : WatchThread{4786} TcpSocket.close(TcpSocket.java:170) shutdown input: java.net.SocketException: Socket is closed
12-17 19:31:36.333 31949 31967 W TCP     : tcp.recv{4790} TcpSocket.read(TcpSocket.java:242) <<< WARN(5) >>> java.net.SocketException: Socket closed
12-17 19:31:36.334 31949 31967 I TCP     : WatchThread{4786} TcpClientThread.closeSocket(TcpClientThread.java:396) closed socket.
12-17 19:31:36.335  1795  3238 D PowerManagerService: release:lock=8525102, flg=0x0, tag="RILJ_ACK_WL", name=com.android.phone", ws=null, uid=1001, pid=3218
12-17 19:31:36.335 10324 10324 D MagicLink: MagicLink2-BroadcastReceiver:====>ACTION_SCREEN_ON
12-17 19:31:36.335  1795  3238 D PowerManagerService: ready=true,policy=3,wakefulness=1,wksummary=0x10,uasummary=0x1,bootcompleted=true,boostinprogress=false,waitmodeenable=false,mode=true,manual=33,auto=-1,adj=0.0userId=0
12-17 19:31:36.335  1795  3238 D PowerManagerService: Releasing suspend blocker "PowerManagerService.WakeLocks".
12-17 19:31:36.336 31949 31967 E TCP     : tcp.recv{4790} TcpClientThread.readSocket(TcpClientThread.java:452) <<< ERROR(6) >>> socket read length failure -104
12-17 19:31:36.337 31949 31967 I TCP     : tcp.recv{4790} TcpClientThread.onReceiverWork(TcpClientThread.java:314) disconnected
12-17 19:31:36.337  3218  4159 W PhoneInterfaceManager: shouldBlockLocation running ...
12-17 19:31:36.338  3218  4159 I PhoneInterfaceManager: shouldBlockLocation  ret:false
12-17 19:31:36.338 31949 31967 I eSpaceService: WatchThread{4786} TcpCirChannel.connect(TcpCirChannel.java:219) Connect to server  address = [uc.huawei.com,]  port = 7801
12-17 19:31:36.339 31949 31985 I PushService: connect :true
12-17 19:31:36.339 31949 31967 I ECS     : WatchThread{4786} TcpClient.clearAll(TcpClient.java:240) ==================== TCP CLIENT CLEAR ALL ====================
12-17 19:31:36.340 31949 31967 I ECS     : WatchThread{4786} TcpClient.connect(TcpClient.java:162) ==================== TCP CLIENT CONNECT [2] ====================
12-17 19:31:36.341 31949 31967 I TCP     : WatchThread{4786} TcpClientThread.connect(TcpClientThread.java:52) will connect to uc.huawei.com:7801
12-17 19:31:36.342 31949 31967 I TCP     : tcp.conn{4787} TcpClientThread.connectSocket(TcpClientThread.java:349) connecting max 30000ms to uc.huawei.com:7801
12-17 19:31:36.344 31949 31967 I TCP     : tcp.conn{4787} TcpSocket.connect_i(TcpSocket.java:84) connecting to ip address uc.huawei.com/172.30.70.63
12-17 19:31:36.348 16354 16354 E HwSystemManager: MemCPUMoni